Starting tests...
1. Testing Affectation...
Affectation response: {"message":"Encadrants affectés avec succès !","etudiants_affectés":105,"professeurs_utilisés":32}
Number of professors exceeding 4 students limit: 0

2. Testing Planning...
Planning response: {"message":"Planning g\u00e9n\u00e9r\u00e9 avec succ\u00e8s !","soutenances":30,"total_etudiants":105,"binomes":3,"anglais":4,"date_debut":"2026-06-18","date_fin":"2026-06-19","erreurs":["Pas assez de cr\u00e9neaux pour : AZMI","Pas assez de cr\u00e9neaux pour : BOUHSSAR","Pas assez de cr\u00e9neaux pour : MATAICH","Pas assez de cr\u00e9neaux pour : OUCHAJAA","Pas assez de cr\u00e9neaux pour : EL ALAOUI EL ISMAILI","Pas assez de cr\u00e9neaux pour : DYA","Pas assez de cr\u00e9neaux pour : JARMOUNI","Pas assez de cr\u00e9neaux pour : OUAQUIF","Pas assez de cr\u00e9neaux pour : ASSABBAR, ACHBAB","Pas assez de cr\u00e9neaux pour : OUBAKHAYI","Pas assez de cr\u00e9neaux pour : BOUKAICH","Pas assez de cr\u00e9neaux pour : TAJRI","Pas assez de cr\u00e9neaux pour : AMINE","Pas assez de cr\u00e9neaux pour : ELAMRANI","Pas assez de cr\u00e9neaux pour : SGHIR","Pas assez de cr\u00e9neaux pour : CHOUBI","Pas assez de cr\u00e9neaux pour : BOURABAA","Pas assez de cr\u00e9neaux pour : LAKHYARI","Pas assez de cr\u00e9neaux pour : BOULTAM","Pas assez de cr\u00e9neaux pour : LASFAR","Pas assez de cr\u00e9neaux pour : EL BAHLOULI","Pas assez de cr\u00e9neaux pour : FLIFLA","Pas assez de cr\u00e9neaux pour : EL HADIFI, BENALI","Pas assez de cr\u00e9neaux pour : BADAOUI","Pas assez de cr\u00e9neaux pour : OULAD DAHMAN","Pas assez de cr\u00e9neaux pour : KBIRI-ALAOUI","Pas assez de cr\u00e9neaux pour : BADRI","Pas assez de cr\u00e9neaux pour : MAKHLOUF","Pas assez de cr\u00e9neaux pour : TIAB","Pas assez de cr\u00e9neaux pour : AGROUAZ","Pas assez de cr\u00e9neaux pour : AZEROUAL","Pas assez de cr\u00e9neaux pour : EL HADRATI","Pas assez de cr\u00e9neaux pour : EL- HLAISSI","Pas assez de cr\u00e9neaux pour : SAOUIR","Pas assez de cr\u00e9neaux pour : ATMANI","Pas assez de cr\u00e9neaux pour : NIHARMINE","Pas assez de cr\u00e9neaux pour : AMMARA","Pas assez de cr\u00e9neaux pour : IBNCHAKROUNE","Pas assez de cr\u00e9neaux pour : CHGARI","Pas assez de cr\u00e9neaux pour : AOUATTAH","Pas assez de cr\u00e9neaux pour : AKHIR","Pas assez de cr\u00e9neaux pour : EL FEDG","Pas assez de cr\u00e9neaux pour : LOUGMIRI","Pas assez de cr\u00e9neaux pour : SABBAR","Pas assez de cr\u00e9neaux pour : ELKAHLAOUI","Pas assez de cr\u00e9neaux pour : OUJDID","Pas assez de cr\u00e9neaux pour : GHARIBI","Pas assez de cr\u00e9neaux pour : EL HADDOUDI","Pas assez de cr\u00e9neaux pour : SABOR","Pas assez de cr\u00e9neaux pour : EL-BADRAOUI","Pas assez de cr\u00e9neaux pour : RHOUATI","Pas assez de cr\u00e9neaux pour : HAIDRI","Pas assez de cr\u00e9neaux pour : LAMADI","Pas assez de cr\u00e9neaux pour : EL HAMDAOUI","Pas assez de cr\u00e9neaux pour : ALAOUI MHAMDI","Pas assez de cr\u00e9neaux pour : HASNAOUI","Pas assez de cr\u00e9neaux pour : ANOUK","Pas assez de cr\u00e9neaux pour : MALIKI","Pas assez de cr\u00e9neaux pour : SEFRANI","Pas assez de cr\u00e9neaux pour : JANATI","Pas assez de cr\u00e9neaux pour : BAKADIRI","Pas assez de cr\u00e9neaux pour : ELMANSOURI","Pas assez de cr\u00e9neaux pour : BOUKHARI","Pas assez de cr\u00e9neaux pour : EL MOUSSAOUI","Pas assez de cr\u00e9neaux pour : AYOUB","Pas assez de cr\u00e9neaux pour : HAOUHAOU","Pas assez de cr\u00e9neaux pour : NAJID","Pas assez de cr\u00e9neaux pour : RACHDAOUI","Pas assez de cr\u00e9neaux pour : BELLA","Pas assez de cr\u00e9neaux pour : EL GUELTA","Pas assez de cr\u00e9neaux pour : ABAKOUY","Pas assez de cr\u00e9neaux pour : AGHZAR"]}

3. Validation results:
Array
(
    [salles_suffisantes] => Array
        (
            [0] => ❌ Pas assez de créneaux ! 105 étudiants mais seulement 30 créneaux disponibles (3 salles × 5 créneaux × 2 jours). Ajoutez 75 créneau(x) supplémentaire(s).
        )

    [equilibre] => Array
        (
        )

    [chevauchement_salles] => Array
        (
        )

    [conflits_professeurs] => Array
        (
        )

    [temps_repos] => Array
        (
        )

)

Done!
